// Jest Snapshot v1, https://goo.gl/fbAQLP

exports[`Integration tests Multi Entry Suite should match fullModuleData 1`] = `
Object {
  "chunksByParent": Array [
    Object {
      "children": Array [],
      "id": 0,
      "ids": Array [
        0,
      ],
      "name": "main",
      "names": Array [
        "main",
      ],
    },
    Object {
      "children": Array [],
      "id": 1,
      "ids": Array [
        1,
      ],
      "name": "runtime~main",
      "names": Array [
        "runtime~main",
      ],
    },
    Object {
      "children": Array [],
      "id": 2,
      "ids": Array [
        2,
      ],
      "name": "",
      "names": Array [],
    },
  ],
  "extendedModules": Array [],
  "moduleData": null,
  "parentChunks": null,
}
`;

exports[`Integration tests Multi Entry Suite should match fullModuleData 2`] = `
Object {
  "chunksByParent": Array [
    Object {
      "children": Array [],
      "id": 0,
      "ids": Array [
        0,
      ],
      "name": "main",
      "names": Array [
        "main",
      ],
    },
    Object {
      "children": Array [],
      "id": 1,
      "ids": Array [
        1,
      ],
      "name": "runtime~main",
      "names": Array [
        "runtime~main",
      ],
    },
    Object {
      "children": Array [],
      "id": 2,
      "ids": Array [
        2,
      ],
      "name": "",
      "names": Array [],
    },
  ],
  "extendedModules": Array [],
  "moduleData": null,
  "parentChunks": null,
}
`;

exports[`Integration tests Single Entry Suite should match fullModuleData 1`] = `
Object {
  "chunksByParent": Array [
    Object {
      "children": Array [],
      "id": 0,
      "ids": Array [
        0,
      ],
      "name": "main",
      "names": Array [
        "main",
      ],
    },
    Object {
      "children": Array [],
      "id": 1,
      "ids": Array [
        1,
      ],
      "name": "runtime~main",
      "names": Array [
        "runtime~main",
      ],
    },
    Object {
      "children": Array [],
      "id": 2,
      "ids": Array [
        2,
      ],
      "name": "",
      "names": Array [],
    },
  ],
  "extendedModules": Array [],
  "moduleData": null,
  "parentChunks": null,
}
`;
